--- Phase 1: Registration & CSRF ---
Γ£à Registration Success

--- Phase 2: Create Payment Source ---
--- DBG Info ---
Source Response Body: {"success":true,"data":{"id":"d0d8cd7e-0b64-470e-ae3e-3f83c4c326a8","userId":"ce514553-1dfc-4a00-a719-00cc021e7497","provider":"razorpay","name":"Test Source","keyId":"rzp_test_mock","createdAt":"2026-03-31T12:08:45.786Z"}}
Γ£à Payment Source Created: d0d8cd7e-0b64-470e-ae3e-3f83c4c326a8

--- Phase 3: Simulate Failed Payment ---
Γ£à Webhook sent: payment.failed
Waiting for processing...

--- Phase 4: Intermediate Stats Verification ---
Total Found: undefined
Recovery Rate: 0%

--- Phase 5: Simulate Recovery (payment.captured) ---
Γ£à Webhook sent: payment.captured
Waiting for processing...

--- Phase 6: Final Verification ---
Final Recovery Rate: 0%
Total Recovered Amount: 0
